// Jest Snapshot v1, https://goo.gl/fbAQLP

exports[`listMovies component Shows loading screen 1`] = `"<div>Loading...</div>"`;
